Archive member included to satisfy reference by file (symbol)

c:/st/stm32cubeide_1.4.0/stm32cubeide/plugins/com.st.stm32cube.ide.mcu.externaltools.gnu-arm-embedded.9-2020-q2-update.win32_2.0.300.202301161003/tools/bin/../lib/gcc/arm-none-eabi/9.3.1/../../../../arm-none-eabi/lib/thumb/v7-m/nofp\libc_nano.a(lib_a-errno.o)
                              ./Src/syscalls.o (__errno)
c:/st/stm32cubeide_1.4.0/stm32cubeide/plugins/com.st.stm32cube.ide.mcu.externaltools.gnu-arm-embedded.9-2020-q2-update.win32_2.0.300.202301161003/tools/bin/../lib/gcc/arm-none-eabi/9.3.1/../../../../arm-none-eabi/lib/thumb/v7-m/nofp\libc_nano.a(lib_a-exit.o)
                              c:/st/stm32cubeide_1.4.0/stm32cubeide/plugins/com.st.stm32cube.ide.mcu.externaltools.gnu-arm-embedded.9-2020-q2-update.win32_2.0.300.202301161003/tools/bin/../lib/gcc/arm-none-eabi/9.3.1/../../../../arm-none-eabi/lib/thumb/v7-m/nofp/crt0.o (exit)
c:/st/stm32cubeide_1.4.0/stm32cubeide/plugins/com.st.stm32cube.ide.mcu.externaltools.gnu-arm-embedded.9-2020-q2-update.win32_2.0.300.202301161003/tools/bin/../lib/gcc/arm-none-eabi/9.3.1/../../../../arm-none-eabi/lib/thumb/v7-m/nofp\libc_nano.a(lib_a-impure.o)
                              c:/st/stm32cubeide_1.4.0/stm32cubeide/plugins/com.st.stm32cube.ide.mcu.externaltools.gnu-arm-embedded.9-2020-q2-update.win32_2.0.300.202301161003/tools/bin/../lib/gcc/arm-none-eabi/9.3.1/../../../../arm-none-eabi/lib/thumb/v7-m/nofp\libc_nano.a(lib_a-exit.o) (_global_impure_ptr)
c:/st/stm32cubeide_1.4.0/stm32cubeide/plugins/com.st.stm32cube.ide.mcu.externaltools.gnu-arm-embedded.9-2020-q2-update.win32_2.0.300.202301161003/tools/bin/../lib/gcc/arm-none-eabi/9.3.1/../../../../arm-none-eabi/lib/thumb/v7-m/nofp\libc_nano.a(lib_a-init.o)
                              c:/st/stm32cubeide_1.4.0/stm32cubeide/plugins/com.st.stm32cube.ide.mcu.externaltools.gnu-arm-embedded.9-2020-q2-update.win32_2.0.300.202301161003/tools/bin/../lib/gcc/arm-none-eabi/9.3.1/../../../../arm-none-eabi/lib/thumb/v7-m/nofp/crt0.o (__libc_init_array)
c:/st/stm32cubeide_1.4.0/stm32cubeide/plugins/com.st.stm32cube.ide.mcu.externaltools.gnu-arm-embedded.9-2020-q2-update.win32_2.0.300.202301161003/tools/bin/../lib/gcc/arm-none-eabi/9.3.1/../../../../arm-none-eabi/lib/thumb/v7-m/nofp\libc_nano.a(lib_a-memset.o)
                              c:/st/stm32cubeide_1.4.0/stm32cubeide/plugins/com.st.stm32cube.ide.mcu.externaltools.gnu-arm-embedded.9-2020-q2-update.win32_2.0.300.202301161003/tools/bin/../lib/gcc/arm-none-eabi/9.3.1/../../../../arm-none-eabi/lib/thumb/v7-m/nofp/crt0.o (memset)
c:/st/stm32cubeide_1.4.0/stm32cubeide/plugins/com.st.stm32cube.ide.mcu.externaltools.gnu-arm-embedded.9-2020-q2-update.win32_2.0.300.202301161003/tools/bin/../lib/gcc/arm-none-eabi/9.3.1/../../../../arm-none-eabi/lib/thumb/v7-m/nofp\libc_nano.a(lib_a-sprintf.o)
                              ./Src/Esp_program.o (sprintf)
c:/st/stm32cubeide_1.4.0/stm32cubeide/plugins/com.st.stm32cube.ide.mcu.externaltools.gnu-arm-embedded.9-2020-q2-update.win32_2.0.300.202301161003/tools/bin/../lib/gcc/arm-none-eabi/9.3.1/../../../../arm-none-eabi/lib/thumb/v7-m/nofp\libc_nano.a(lib_a-nano-svfprintf.o)
                              c:/st/stm32cubeide_1.4.0/stm32cubeide/plugins/com.st.stm32cube.ide.mcu.externaltools.gnu-arm-embedded.9-2020-q2-update.win32_2.0.300.202301161003/tools/bin/../lib/gcc/arm-none-eabi/9.3.1/../../../../arm-none-eabi/lib/thumb/v7-m/nofp\libc_nano.a(lib_a-sprintf.o) (_svfprintf_r)
c:/st/stm32cubeide_1.4.0/stm32cubeide/plugins/com.st.stm32cube.ide.mcu.externaltools.gnu-arm-embedded.9-2020-q2-update.win32_2.0.300.202301161003/tools/bin/../lib/gcc/arm-none-eabi/9.3.1/../../../../arm-none-eabi/lib/thumb/v7-m/nofp\libc_nano.a(lib_a-nano-vfprintf_i.o)
                              c:/st/stm32cubeide_1.4.0/stm32cubeide/plugins/com.st.stm32cube.ide.mcu.externaltools.gnu-arm-embedded.9-2020-q2-update.win32_2.0.300.202301161003/tools/bin/../lib/gcc/arm-none-eabi/9.3.1/../../../../arm-none-eabi/lib/thumb/v7-m/nofp\libc_nano.a(lib_a-nano-svfprintf.o) (_printf_i)
c:/st/stm32cubeide_1.4.0/stm32cubeide/plugins/com.st.stm32cube.ide.mcu.externaltools.gnu-arm-embedded.9-2020-q2-update.win32_2.0.300.202301161003/tools/bin/../lib/gcc/arm-none-eabi/9.3.1/../../../../arm-none-eabi/lib/thumb/v7-m/nofp\libc_nano.a(lib_a-memchr-stub.o)
                              c:/st/stm32cubeide_1.4.0/stm32cubeide/plugins/com.st.stm32cube.ide.mcu.externaltools.gnu-arm-embedded.9-2020-q2-update.win32_2.0.300.202301161003/tools/bin/../lib/gcc/arm-none-eabi/9.3.1/../../../../arm-none-eabi/lib/thumb/v7-m/nofp\libc_nano.a(lib_a-nano-svfprintf.o) (memchr)
c:/st/stm32cubeide_1.4.0/stm32cubeide/plugins/com.st.stm32cube.ide.mcu.externaltools.gnu-arm-embedded.9-2020-q2-update.win32_2.0.300.202301161003/tools/bin/../lib/gcc/arm-none-eabi/9.3.1/../../../../arm-none-eabi/lib/thumb/v7-m/nofp\libc_nano.a(lib_a-memcpy-stub.o)
[...]
Memory Configuration

Name             Origin             Length             Attributes
RAM              0x20000000         0x00005000         xrw
FLASH            0x08000000         0x00010000         xr
*default*        0x00000000         0xffffffff

Linker script and memory map

LOAD c:/st/stm32cubeide_1.4.0/stm32cubeide/plugins/com.st.stm32cube.ide.mcu.externaltools.gnu-arm-embedded.9-2020-q2-update.win32_2.0.300.202301161003/tools/bin/../lib/gcc/arm-none-eabi/9.3.1/thumb/v7-m/nofp/crti.o
LOAD c:/st/stm32cubeide_1.4.0/stm32cubeide/plugins/com.st.stm32cube.ide.mcu.externaltools.gnu-arm-embedded.9-2020-q2-update.win32_2.0.300.202301161003/tools/bin/../lib/gcc/arm-none-eabi/9.3.1/thumb/v7-m/nofp/crtbegin.o
LOAD c:/st/stm32cubeide_1.4.0/stm32cubeide/plugins/com.st.stm32cube.ide.mcu.externaltools.gnu-arm-embedded.9-2020-q2-update.win32_2.0.300.202301161003/tools/bin/../lib/gcc/arm-none-eabi/9.3.1/../../../../arm-none-eabi/lib/thumb/v7-m/nofp/crt0.o
LOAD ./Src/Esp_program.o
LOAD ./Src/GPIO_program.o
LOAD ./Src/RCC_program.o
LOAD ./Src/STk_program.o
LOAD ./Src/USART_program.o
LOAD ./Src/main.o
LOAD ./Src/syscalls.o
LOAD ./Src/sysmem.o
LOAD ./Startup/startup_stm32f103c8tx.o
START GROUP
LOAD c:/st/stm32cubeide_1.4.0/stm32cubeide/plugins/com.st.stm32cube.ide.mcu.externaltools.gnu-arm-embedded.9-2020-q2-update.win32_2.0.300.202301161003/tools/bin/../lib/gcc/arm-none-eabi/9.3.1/../../../../arm-none-eabi/lib/thumb/v7-m/nofp\libc_nano.a
LOAD c:/st/stm32cubeide_1.4.0/stm32cubeide/plugins/com.st.stm32cube.ide.mcu.externaltools.gnu-arm-embedded.9-2020-q2-update.win32_2.0.300.202301161003/tools/bin/../lib/gcc/arm-none-eabi/9.3.1/../../../../arm-none-eabi/lib/thumb/v7-m/nofp\libm.a
END GROUP
START GROUP
LOAD c:/st/stm32cubeide_1.4.0/stm32cubeide/plugins/com.st.stm32cube.ide.mcu.externaltools.gnu-arm-embedded.9-2020-q2-update.win32_2.0.300.202301161003/tools/bin/../lib/gcc/arm-none-eabi/9.3.1/thumb/v7-m/nofp\libgcc.a
LOAD c:/st/stm32cubeide_1.4.0/stm32cubeide/plugins/com.st.stm32cube.ide.mcu.externaltools.gnu-arm-embedded.9-2020-q2-update.win32_2.0.300.202301161003/tools/bin/../lib/gcc/arm-none-eabi/9.3.1/../../../../arm-none-eabi/lib/thumb/v7-m/nofp\libc_nano.a
END GROUP
START GROUP
LOAD c:/st/stm32cubeide_1.4.0/stm32cubeide/plugins/com.st.stm32cube.ide.mcu.externaltools.gnu-arm-embedded.9-2020-q2-update.win32_2.0.300.202301161003/tools/bin/../lib/gcc/arm-none-eabi/9.3.1/thumb/v7-m/nofp\libgcc.a
LOAD c:/st/stm32cubeide_1.4.0/stm32cubeide/plugins/com.st.stm32cube.ide.mcu.externaltools.gnu-arm-embedded.9-2020-q2-update.win32_2.0.300.202301161003/tools/bin/../lib/gcc/arm-none-eabi/9.3.1/../../../../arm-none-eabi/lib/thumb/v7-m/nofp\libc_nano.a
LOAD c:/st/stm32cubeide_1.4.0/stm32cubeide/plugins/com.st.stm32cube.ide.mcu.externaltools.gnu-arm-embedded.9-2020-q2-update.win32_2.0.300.202301161003/tools/bin/../lib/gcc/arm-none-eabi/9.3.1/../../../../arm-none-eabi/lib/thumb/v7-m/nofp\libnosys.a
END GROUP
START GROUP
LOAD c:/st/stm32cubeide_1.4.0/stm32cubeide/plugins/com.st.stm32cube.ide.mcu.externaltools.gnu-arm-embedded.9-2020-q2-update.win32_2.0.300.202301161003/tools/bin/../lib/gcc/arm-none-eabi/9.3.1/thumb/v7-m/nofp\libgcc.a
LOAD c:/st/stm32cubeide_1.4.0/stm32cubeide/plugins/com.st.stm32cube.ide.mcu.externaltools.gnu-arm-embedded.9-2020-q2-update.win32_2.0.300.202301161003/tools/bin/../lib/gcc/arm-none-eabi/9.3.1/../../../../arm-none-eabi/lib/thumb/v7-m/nofp\libc_nano.a
LOAD c:/st/stm32cubeide_1.4.0/stm32cubeide/plugins/com.st.stm32cube.ide.mcu.externaltools.gnu-arm-embedded.9-2020-q2-update.win32_2.0.300.202301161003/tools/bin/../lib/gcc/arm-none-eabi/9.3.1/../../../../arm-none-eabi/lib/thumb/v7-m/nofp\libnosys.a
END GROUP
LOAD c:/st/stm32cubeide_1.4.0/stm32cubeide/plugins/com.st.stm32cube.ide.mcu.externaltools.gnu-arm-embedded.9-2020-q2-update.win32_2.0.300.202301161003/tools/bin/../lib/gcc/arm-none-eabi/9.3.1/thumb/v7-m/nofp/crtend.o
LOAD c:/st/stm32cubeide_1.4.0/stm32cubeide/plugins/com.st.stm32cube.ide.mcu.externaltools.gnu-arm-embedded.9-2020-q2-update.win32_2.0.300.202301161003/tools/bin/../lib/gcc/arm-none-eabi/9.3.1/thumb/v7-m/nofp/crtn.o
                0x20005000                _estack = (ORIGIN (RAM) + LENGTH (RAM))
                0x00000200                _Min_Heap_Size = 0x200
                0x00000400                _Min_Stack_Size = 0x400

.isr_vector     0x08000000      0x130
                0x08000000                . = ALIGN (0x4)
 *(.isr_vector)
 .isr_vector    0x08000000      0x130 ./Startup/startup_stm32f103c8tx.o
                0x08000000                g_pfnVectors
                0x08000130                . = ALIGN (0x4)

.text           0x08000130     0x1310
                0x08000130                . = ALIGN (0x4)
 *(.text)
 .text          0x08000130       0x40 c:/st/stm32cubeide_1.4.0/stm32cubeide/plugins/com.st.stm32cube.ide.mcu.externaltools.gnu-arm-embedded.9-2020-q2-update.win32_2.0.300.202301161003/tools/bin/../lib/gcc/arm-none-eabi/9.3.1/thumb/v7-m/nofp/crtbegin.o
 *(.text*)
 .text.HEsp_voidInit
                0x08000170       0x54 ./Src/Esp_program.o
                0x08000170                HEsp_voidInit
 .text.HEsp_voidConnectOnWifi
                0x080001c4       0x78 ./Src/Esp_program.o
                0x080001c4                HEsp_voidConnectOnWifi
 .text.HEsp_voidConnectOnServer
                0x0800023c       0x74 ./Src/Esp_program.o
                0x0800023c                HEsp_voidConnectOnServer
 .text.HEsp_voidSendDataPOST
                0x080002b0       0xe4 ./Src/Esp_program.o
                0x080002b0                HEsp_voidSendDataPOST
 .text.u8EspValidateCmd
                0x08000394      0x16c ./Src/Esp_program.o
                0x08000394                u8EspValidateCmd
 .text.MGPIO_VoidSetPinDirection
                0x08000500      0x1b0 ./Src/GPIO_program.o
                0x08000500                MGPIO_VoidSetPinDirection
 .text.MGPIO_VoidSetPinValue
                0x080006b0       0xf8 ./Src/GPIO_program.o
                0x080006b0                MGPIO_VoidSetPinValue
 .text.RCC_voidInitSysClock
                0x080007a8       0x34 ./Src/RCC_program.o
                0x080007a8                RCC_voidInitSysClock
 .text.RCC_voidEnableClock
                0x080007dc       0x84 ./Src/RCC_program.o
                0x080007dc                RCC_voidEnableClock
 .text.SysTick_Handler
                0x08000860       0x40 ./Src/STk_program.o
                0x08000860                SysTick_Handler
 .text.MUSART1_voidInit
                0x080008a0       0x40 ./Src/USART_program.o
                0x080008a0                MUSART1_voidInit
 .text.MUSART1_voidTransmit
                0x080008e0       0x4c ./Src/USART_program.o
                0x080008e0                MUSART1_voidTransmit
 .text.MUSART1_u8Receive
                0x0800092c       0x54 ./Src/USART_program.o
                0x0800092c                MUSART1_u8Receive
 .text.main     0x08000980      0x110 ./Src/main.o
                0x08000980                main
 .text._sbrk    0x08000a90       0x6c ./Src/sysmem.o
                0x08000a90                _sbrk
 .text.Reset_Handler
                0x08000afc       0x50 ./Startup/startup_stm32f103c8tx.o
                0x08000afc                Reset_Handler
 .text.Default_Handler
                0x08000b4c        0x2 ./Startup/startup_stm32f103c8tx.o
                0x08000b4c                EXTI2_IRQHandler
                0x08000b4c                TIM8_TRG_COM_IRQHandler
                0x08000b4c                TIM8_CC_IRQHandler
                0x08000b4c                DebugMon_Handler
                0x08000b4c                TIM1_CC_IRQHandler
                0x08000b4c                HardFault_Handler
                0x08000b4c                TIM6_IRQHandler
                0x08000b4c                PVD_IRQHandler
                0x08000b4c                SDIO_IRQHandler
                0x08000b4c                PendSV_Handler
                0x08000b4c                NMI_Handler
                0x08000b4c                EXTI3_IRQHandler
                0x08000b4c                USB_HP_CAN_TX_IRQHandler
                0x08000b4c                EXTI0_IRQHandler
                0x08000b4c                I2C2_EV_IRQHandler
                0x08000b4c                UsageFault_Handler
                0x08000b4c                ADC1_2_IRQHandler
                0x08000b4c                SPI1_IRQHandler
                0x08000b4c                CAN_SCE_IRQHandler
                0x08000b4c                TAMPER_IRQHandler
                0x08000b4c                TIM8_UP_IRQHandler
                0x08000b4c                DMA2_Channel2_IRQHandler
                0x08000b4c                DMA1_Channel4_IRQHandler
                0x08000b4c                USART3_IRQHandler
                0x08000b4c                RTC_IRQHandler
                0x08000b4c                DMA1_Channel7_IRQHandler
                0x08000b4c                UART5_IRQHandler
                0x08000b4c                ADC3_IRQHandler
                0x08000b4c                TIM4_IRQHandler
                0x08000b4c                CAN_RX1_IRQHandler
                0x08000b4c                DMA2_Channel1_IRQHandler
                0x08000b4c                I2C1_EV_IRQHandler
                0x08000b4c                DMA1_Channel6_IRQHandler
                0x08000b4c                UART4_IRQHandler
                0x08000b4c                TIM3_IRQHandler
                0x08000b4c                RCC_IRQHandler
                0x08000b4c                TIM1_TRG_COM_IRQHandler
                0x08000b4c                DMA1_Channel1_IRQHandler
                0x08000b4c                Default_Handler
                0x08000b4c                EXTI15_10_IRQHandler
                0x08000b4c                TIM7_IRQHandler
                0x08000b4c                TIM5_IRQHandler
                0x08000b4c                EXTI9_5_IRQHandler
                0x08000b4c                SPI2_IRQHandler
                0x08000b4c                USB_LP_CAN_RX0_IRQHandler
                0x08000b4c                MemManage_Handler
                0x08000b4c                SVC_Handler
                0x08000b4c                DMA1_Channel5_IRQHandler
                0x08000b4c                EXTI4_IRQHandler
                0x08000b4c                DMA1_Channel3_IRQHandler
                0x08000b4c                FSMC_IRQHandler
                0x08000b4c                TIM1_UP_IRQHandler
                0x08000b4c                WWDG_IRQHandler
                0x08000b4c                TIM2_IRQHandler
                0x08000b4c                TIM1_BRK_IRQHandler
                0x08000b4c                EXTI1_IRQHandler
                0x08000b4c                RTCAlarm_IRQHandler
                0x08000b4c                DMA2_Channel4_5_IRQHandler
                0x08000b4c                USART2_IRQHandler
                0x08000b4c                I2C2_ER_IRQHandler
                0x08000b4c                DMA1_Channel2_IRQHandler
                0x08000b4c                TIM8_BRK_IRQHandler
                0x08000b4c                FLASH_IRQHandler
                0x08000b4c                BusFault_Handler
                0x08000b4c                USART1_IRQHandler
                0x08000b4c                SPI3_IRQHandler
                0x08000b4c                I2C1_ER_IRQHandler
                0x08000b4c                DMA2_Channel3_IRQHandler
 *fill*         0x08000b4e        0x2 
 .text.__errno  0x08000b50        0xc c:/st/stm32cubeide_1.4.0/stm32cubeide/plugins/com.st.stm32cube.ide.mcu.externaltools.gnu-arm-embedded.9-2020-q2-update.win32_2.0.300.202301161003/tools/bin/../lib/gcc/arm-none-eabi/9.3.1/../../../../arm-none-eabi/lib/thumb/v7-m/nofp\libc_nano.a(lib_a-errno.o)
                0x08000b50                __errno
 .text.__libc_init_array
                0x08000b5c       0x48 c:/st/stm32cubeide_1.4.0/stm32cubeide/plugins/com.st.stm32cube.ide.mcu.externaltools.gnu-arm-embedded.9-2020-q2-update.win32_2.0.300.202301161003/tools/bin/../lib/gcc/arm-none-eabi/9.3.1/../../../../arm-none-eabi/lib/thumb/v7-m/nofp\libc_nano.a(lib_a-init.o)
                0x08000b5c                __libc_init_array
 .text.memset   0x08000ba4       0x10 c:/st/stm32cubeide_1.4.0/stm32cubeide/plugins/com.st.stm32cube.ide.mcu.externaltools.gnu-arm-embedded.9-2020-q2-update.win32_2.0.300.202301161003/tools/bin/../lib/gcc/arm-none-eabi/9.3.1/../../../../arm-none-eabi/lib/thumb/v7-m/nofp\libc_nano.a(lib_a-memset.o)
                0x08000ba4                memset
 .text.sprintf  0x08000bb4       0x40 c:/st/stm32cubeide_1.4.0/stm32cubeide/plugins/com.st.stm32cube.ide.mcu.externaltools.gnu-arm-embedded.9-2020-q2-update.win32_2.0.300.202301161003/tools/bin/../lib/gcc/arm-none-eabi/9.3.1/../../../../arm-none-eabi/lib/thumb/v7-m/nofp\libc_nano.a(lib_a-sprintf.o)
                0x08000bb4                siprintf
                0x08000bb4                sprintf
 .text.__ssputs_r
                0x08000bf4       0xb6 c:/st/stm32cubeide_1.4.0/stm32cubeide/plugins/com.st.stm32cube.ide.mcu.externaltools.gnu-arm-embedded.9-2020-q2-update.win32_2.0.300.202301161003/tools/bin/../lib/gcc/arm-none-eabi/9.3.1/../../../../arm-none-eabi/lib/thumb/v7-m/nofp\libc_nano.a(lib_a-nano-svfprintf.o)
                0x08000bf4                __ssputs_r
 *fill*         0x08000caa        0x2 
 .text._svfprintf_r
                0x08000cac      0x200 c:/st/stm32cubeide_1.4.0/stm32cubeide/plugins/com.st.stm32cube.ide.mcu.externaltools.gnu-arm-embedded.9-2020-q2-update.win32_2.0.300.202301161003/tools/bin/../lib/gcc/arm-none-eabi/9.3.1/../../../../arm-none-eabi/lib/thumb/v7-m/nofp\libc_nano.a(lib_a-nano-svfprintf.o)
                0x08000cac                _svfiprintf_r
                0x08000cac                _svfprintf_r
 .text._printf_common
                0x08000eac       0xde c:/st/stm32cubeide_1.4.0/stm32cubeide/plugins/com.st.stm32cube.ide.mcu.externaltools.gnu-arm-embedded.9-2020-q2-update.win32_2.0.300.202301161003/tools/bin/../lib/gcc/arm-none-eabi/9.3.1/../../../../arm-none-eabi/lib/thumb/v7-m/nofp\libc_nano.a(lib_a-nano-vfprintf_i.o)
                0x08000eac                _printf_common
 *fill*         0x08000f8a        0x2 
 .text._printf_i
                0x08000f8c      0x24c c:/st/stm32cubeide_1.4.0/stm32cubeide/plugins/com.st.stm32cube.ide.mcu.externaltools.gnu-arm-embedded.9-2020-q2-update.win32_2.0.300.202301161003/tools/bin/../lib/gcc/arm-none-eabi/9.3.1/../../../../arm-none-eabi/lib/thumb/v7-m/nofp\libc_nano.a(lib_a-nano-vfprintf_i.o)
                0x08000f8c                _printf_i
 .text.memchr   0x080011d8       0x1c c:/st/stm32cubeide_1.4.0/stm32cubeide/plugins/com.st.stm32cube.ide.mcu.externaltools.gnu-arm-embedded.9-2020-q2-update.win32_2.0.300.202301161003/tools/bin/../lib/gcc/arm-none-eabi/9.3.1/../../../../arm-none-eabi/lib/thumb/v7-m/nofp\libc_nano.a(lib_a-memchr-stub.o)
                0x080011d8                memchr
 .text.memcpy   0x080011f4       0x1c c:/st/stm32cubeide_1.4.0/stm32cubeide/plugins/com.st.stm32cube.ide.mcu.externaltools.gnu-arm-embedded.9-2020-q2-update.win32_2.0.300.202301161003/tools/bin/../lib/gcc/arm-none-eabi/9.3.1/../../../../arm-none-eabi/lib/thumb/v7-m/nofp\libc_nano.a(lib_a-memcpy-stub.o)
                0x080011f4                memcpy
 .text.memmove  0x08001210       0x34 c:/st/stm32cubeide_1.4.0/stm32cubeide/plugins/com.st.stm32cube.ide.mcu.externaltools.gnu-arm-embedded.9-2020-q2-update.win32_2.0.300.202301161003/tools/bin/../lib/gcc/arm-none-eabi/9.3.1/../../../../arm-none-eabi/lib/thumb/v7-m/nofp\libc_nano.a(lib_a-memmove.o)
                0x08001210                memmove
 .text._free_r  0x08001244       0x98 c:/st/stm32cubeide_1.4.0/stm32cubeide/plugins/com.st.stm32cube.ide.mcu.externaltools.gnu-arm-embedded.9-2020-q2-update.win32_2.0.300.202301161003/tools/bin/../lib/gcc/arm-none-eabi/9.3.1/../../../../arm-none-eabi/lib/thumb/v7-m/nofp\libc_nano.a(lib_a-nano-freer.o)
                0x08001244                _free_r
 .text._malloc_r
                0x080012dc       0xb4 c:/st/stm32cubeide_1.4.0/stm32cubeide/plugins/com.st.stm32cube.ide.mcu.externaltools.gnu-arm-embedded.9-2020-q2-update.win32_2.0.300.202301161003/tools/bin/../lib/gcc/arm-none-eabi/9.3.1/../../../../arm-none-eabi/lib/thumb/v7-m/nofp\libc_nano.a(lib_a-nano-mallocr.o)
                0x080012dc                _malloc_r
 .text._realloc_r
                0x08001390       0x4c c:/st/stm32cubeide_1.4.0/stm32cubeide/plugins/com.st.stm32cube.ide.mcu.externaltools.gnu-arm-embedded.9-2020-q2-update.win32_2.0.300.202301161003/tools/bin/../lib/gcc/arm-none-eabi/9.3.1/../../../../arm-none-eabi/lib/thumb/v7-m/nofp\libc_nano.a(lib_a-nano-reallocr.o)
                0x08001390                _realloc_r
 .text._sbrk_r  0x080013dc       0x20 c:/st/stm32cubeide_1.4.0/stm32cubeide/plugins/com.st.stm32cube.ide.mcu.externaltools.gnu-arm-embedded.9-2020-q2-update.win32_2.0.300.202301161003/tools/bin/../lib/gcc/arm-none-eabi/9.3.1/../../../../arm-none-eabi/lib/thumb/v7-m/nofp\libc_nano.a(lib_a-sbrkr.o)
                0x080013dc                _sbrk_r
 .text.__malloc_lock
                0x080013fc        0xc c:/st/stm32cubeide_1.4.0/stm32cubeide/plugins/com.st.stm32cube.ide.mcu.externaltools.gnu-arm-embedded.9-2020-q2-update.win32_2.0.300.202301161003/tools/bin/../lib/gcc/arm-none-eabi/9.3.1/../../../../arm-none-eabi/lib/thumb/v7-m/nofp\libc_nano.a(lib_a-mlock.o)
                0x080013fc                __malloc_lock
 .text.__malloc_unlock
                0x08001408        0xc c:/st/stm32cubeide_1.4.0/stm32cubeide/plugins/com.st.stm32cube.ide.mcu.externaltools.gnu-arm-embedded.9-2020-q2-update.win32_2.0.300.202301161003/tools/bin/../lib/gcc/arm-none-eabi/9.3.1/../../../../arm-none-eabi/lib/thumb/v7-m/nofp\libc_nano.a(lib_a-mlock.o)
                0x08001408                __malloc_unlock
 .text._malloc_usable_size_r
                0x08001414       0x10 c:/st/stm32cubeide_1.4.0/stm32cubeide/plugins/com.st.stm32cube.ide.mcu.externaltools.gnu-arm-embedded.9-2020-q2-update.win32_2.0.300.202301161003/tools/bin/../lib/gcc/arm-none-eabi/9.3.1/../../../../arm-none-eabi/lib/thumb/v7-m/nofp\libc_nano.a(lib_a-nano-msizer.o)
                0x08001414                _malloc_usable_size_r
 .text.__retarget_lock_acquire_recursive
                0x08001424        0x2 c:/st/stm32cubeide_1.4.0/stm32cubeide/plugins/com.st.stm32cube.ide.mcu.externaltools.gnu-arm-embedded.9-2020-q2-update.win32_2.0.300.202301161003/tools/bin/../lib/gcc/arm-none-eabi/9.3.1/../../../../arm-none-eabi/lib/thumb/v7-m/nofp\libc_nano.a(lib_a-lock.o)
                0x08001424                __retarget_lock_acquire_recursive
 .text.__retarget_lock_release_recursive
                0x08001426        0x2 c:/st/stm32cubeide_1.4.0/stm32cubeide/plugins/com.st.stm32cube.ide.mcu.externaltools.gnu-arm-embedded.9-2020-q2-update.win32_2.0.300.202301161003/tools/bin/../lib/gcc/arm-none-eabi/9.3.1/../../../../arm-none-eabi/lib/thumb/v7-m/nofp\libc_nano.a(lib_a-lock.o)
                0x08001426                __retarget_lock_release_recursive
 *(.glue_7)
 .glue_7        0x08001428        0x0 linker stubs
 *(.glue_7t)
 .glue_7t       0x08001428        0x0 linker stubs
 *(.eh_frame)
 .eh_frame      0x08001428        0x0 c:/st/stm32cubeide_1.4.0/stm32cubeide/plugins/com.st.stm32cube.ide.mcu.externaltools.gnu-arm-embedded.9-2020-q2-update.win32_2.0.300.202301161003/tools/bin/../lib/gcc/arm-none-eabi/9.3.1/thumb/v7-m/nofp/crtbegin.o
 *(.init)
 .init          0x08001428        0x4 c:/st/stm32cubeide_1.4.0/stm32cubeide/plugins/com.st.stm32cube.ide.mcu.externaltools.gnu-arm-embedded.9-2020-q2-update.win32_2.0.300.202301161003/tools/bin/../lib/gcc/arm-none-eabi/9.3.1/thumb/v7-m/nofp/crti.o
                0x08001428                _init
 .init          0x0800142c        0x8 c:/st/stm32cubeide_1.4.0/stm32cubeide/plugins/com.st.stm32cube.ide.mcu.externaltools.gnu-arm-embedded.9-2020-q2-update.win32_2.0.300.202301161003/tools/bin/../lib/gcc/arm-none-eabi/9.3.1/thumb/v7-m/nofp/crtn.o
 *(.fini)
 .fini          0x08001434        0x4 c:/st/stm32cubeide_1.4.0/stm32cubeide/plugins/com.st.stm32cube.ide.mcu.externaltools.gnu-arm-embedded.9-2020-q2-update.win32_2.0.300.202301161003/tools/bin/../lib/gcc/arm-none-eabi/9.3.1/thumb/v7-m/nofp/crti.o
                0x08001434                _fini
 .fini          0x08001438        0x8 c:/st/stm32cubeide_1.4.0/stm32cubeide/plugins/com.st.stm32cube.ide.mcu.externaltools.gnu-arm-embedded.9-2020-q2-update.win32_2.0.300.202301161003/tools/bin/../lib/gcc/arm-none-eabi/9.3.1/thumb/v7-m/nofp/crtn.o
                0x08001440                . = ALIGN (0x4)
                0x08001440                _etext = .

.vfp11_veneer   0x08001440        0x0
 .vfp11_veneer  0x08001440        0x0 linker stubs

.v4_bx          0x08001440        0x0
 .v4_bx         0x08001440        0x0 linker stubs

.iplt           0x08001440        0x0
 .iplt          0x08001440        0x0 c:/st/stm32cubeide_1.4.0/stm32cubeide/plugins/com.st.stm32cube.ide.mcu.externaltools.gnu-arm-embedded.9-2020-q2-update.win32_2.0.300.202301161003/tools/bin/../lib/gcc/arm-none-eabi/9.3.1/thumb/v7-m/nofp/crtbegin.o

.rodata         0x08001440      0x160
                0x08001440                . = ALIGN (0x4)
 *(.rodata)
 .rodata        0x08001440       0xdc ./Src/Esp_program.o
 .rodata        0x0800151c       0x4f ./Src/main.o
 *(.rodata*)
 .rodata._svfprintf_r.str1.1
                0x0800156b       0x11 c:/st/stm32cubeide_1.4.0/stm32cubeide/plugins/com.st.stm32cube.ide.mcu.externaltools.gnu-arm-embedded.9-2020-q2-update.win32_2.0.300.202301161003/tools/bin/../lib/gcc/arm-none-eabi/9.3.1/../../../../arm-none-eabi/lib/thumb/v7-m/nofp\libc_nano.a(lib_a-nano-svfprintf.o)
 .rodata._printf_i.str1.1
                0x0800157c       0x22 c:/st/stm32cubeide_1.4.0/stm32cubeide/plugins/com.st.stm32cube.ide.mcu.externaltools.gnu-arm-embedded.9-2020-q2-update.win32_2.0.300.202301161003/tools/bin/../lib/gcc/arm-none-eabi/9.3.1/../../../../arm-none-eabi/lib/thumb/v7-m/nofp\libc_nano.a(lib_a-nano-vfprintf_i.o)
                0x080015a0                . = ALIGN (0x4)
 *fill*         0x0800159e        0x2 

.rel.dyn        0x080015a0        0x0
 .rel.iplt      0x080015a0        0x0 c:/st/stm32cubeide_1.4.0/stm32cubeide/plugins/com.st.stm32cube.ide.mcu.externaltools.gnu-arm-embedded.9-2020-q2-update.win32_2.0.300.202301161003/tools/bin/../lib/gcc/arm-none-eabi/9.3.1/thumb/v7-m/nofp/crtbegin.o

.ARM.extab      0x080015a0        0x0
                0x080015a0                . = ALIGN (0x4)
 *(.ARM.extab* .gnu.linkonce.armextab.*)
                0x080015a0                . = ALIGN (0x4)

.ARM            0x080015a0        0x0
                0x080015a0                . = ALIGN (0x4)
                0x080015a0                __exidx_start = .
 *(.ARM.exidx*)
                0x080015a0                __exidx_end = .
                0x080015a0                . = ALIGN (0x4)

.preinit_array  0x080015a0        0x0
                0x080015a0                . = ALIGN (0x4)
                0x080015a0                PROVIDE (__preinit_array_start = .)
 *(.preinit_array*)
                0x080015a0                PROVIDE (__preinit_array_end = .)
                0x080015a0                . = ALIGN (0x4)

.init_array     0x080015a0        0x4
                0x080015a0                . = ALIGN (0x4)
                0x080015a0                PROVIDE (__init_array_start = .)
 *(SORT_BY_NAME(.init_array.*))
 *(.init_array*)
 .init_array    0x080015a0        0x4 c:/st/stm32cubeide_1.4.0/stm32cubeide/plugins/com.st.stm32cube.ide.mcu.externaltools.gnu-arm-embedded.9-2020-q2-update.win32_2.0.300.202301161003/tools/bin/../lib/gcc/arm-none-eabi/9.3.1/thumb/v7-m/nofp/crtbegin.o
                0x080015a4                PROVIDE (__init_array_end = .)
                0x080015a4                . = ALIGN (0x4)

.fini_array     0x080015a4        0x4
                0x080015a4                . = ALIGN (0x4)
                [!provide]                PROVIDE (__fini_array_start = .)
 *(SORT_BY_NAME(.fini_array.*))
 *(.fini_array*)
 .fini_array    0x080015a4        0x4 c:/st/stm32cubeide_1.4.0/stm32cubeide/plugins/com.st.stm32cube.ide.mcu.externaltools.gnu-arm-embedded.9-2020-q2-update.win32_2.0.300.202301161003/tools/bin/../lib/gcc/arm-none-eabi/9.3.1/thumb/v7-m/nofp/crtbegin.o
                [!provide]                PROVIDE (__fini_array_end = .)
                0x080015a8                . = ALIGN (0x4)
                0x080015a8                _sidata = LOADADDR (.data)

.data           0x20000000       0x68 load address 0x080015a8
                0x20000000                . = ALIGN (0x4)
                0x20000000                _sdata = .
 *(.data)
 *(.data*)
 .data.Quotes   0x20000000        0x2 ./Src/Esp_program.o
                0x20000000                Quotes
 *fill*         0x20000002        0x2 
 .data._impure_ptr
                0x20000004        0x4 c:/st/stm32cubeide_1.4.0/stm32cubeide/plugins/com.st.stm32cube.ide.mcu.externaltools.gnu-arm-embedded.9-2020-q2-update.win32_2.0.300.202301161003/tools/bin/../lib/gcc/arm-none-eabi/9.3.1/../../../../arm-none-eabi/lib/thumb/v7-m/nofp\libc_nano.a(lib_a-impure.o)
                0x20000004                _impure_ptr
 .data.impure_data
                0x20000008       0x60 c:/st/stm32cubeide_1.4.0/stm32cubeide/plugins/com.st.stm32cube.ide.mcu.externaltools.gnu-arm-embedded.9-2020-q2-update.win32_2.0.300.202301161003/tools/bin/../lib/gcc/arm-none-eabi/9.3.1/../../../../arm-none-eabi/lib/thumb/v7-m/nofp\libc_nano.a(lib_a-impure.o)
 *(.RamFunc)
 *(.RamFunc*)
                0x20000068                . = ALIGN (0x4)
                0x20000068                _edata = .

.igot.plt       0x20000068        0x0 load address 0x08001610
 .igot.plt      0x20000068        0x0 c:/st/stm32cubeide_1.4.0/stm32cubeide/plugins/com.st.stm32cube.ide.mcu.externaltools.gnu-arm-embedded.9-2020-q2-update.win32_2.0.300.202301161003/tools/bin/../lib/gcc/arm-none-eabi/9.3.1/thumb/v7-m/nofp/crtbegin.o
                0x20000068                . = ALIGN (0x4)

.bss            0x20000068      0x428 load address 0x08001610
                0x20000068                _sbss = .
                0x20000068                __bss_start__ = _sbss
 *(.bss)
 .bss           0x20000068       0x1c c:/st/stm32cubeide_1.4.0/stm32cubeide/plugins/com.st.stm32cube.ide.mcu.externaltools.gnu-arm-embedded.9-2020-q2-update.win32_2.0.300.202301161003/tools/bin/../lib/gcc/arm-none-eabi/9.3.1/thumb/v7-m/nofp/crtbegin.o
 *(.bss*)
 .bss.Local_u8Response.5508
                0x20000084      0x3e8 ./Src/Esp_program.o
 .bss.CALLBACK  0x2000046c        0x4 ./Src/STk_program.o
 .bss.MSTK_Repeat
                0x20000470        0x1 ./Src/STk_program.o
 *fill*         0x20000471        0x3 
 .bss.__sbrk_heap_end
                0x20000474        0x4 ./Src/sysmem.o
 .bss.__malloc_free_list
                0x20000478        0x4 c:/st/stm32cubeide_1.4.0/stm32cubeide/plugins/com.st.stm32cube.ide.mcu.externaltools.gnu-arm-embedded.9-2020-q2-update.win32_2.0.300.202301161003/tools/bin/../lib/gcc/arm-none-eabi/9.3.1/../../../../arm-none-eabi/lib/thumb/v7-m/nofp\libc_nano.a(lib_a-nano-mallocr.o)
                0x20000478                __malloc_free_list
 .bss.__malloc_sbrk_start
                0x2000047c        0x4 c:/st/stm32cubeide_1.4.0/stm32cubeide/plugins/com.st.stm32cube.ide.mcu.externaltools.gnu-arm-embedded.9-2020-q2-update.win32_2.0.300.202301161003/tools/bin/../lib/gcc/arm-none-eabi/9.3.1/../../../../arm-none-eabi/lib/thumb/v7-m/nofp\libc_nano.a(lib_a-nano-mallocr.o)
                0x2000047c                __malloc_sbrk_start
 *(COMMON)
 COMMON         0x20000480        0x4 c:/st/stm32cubeide_1.4.0/stm32cubeide/plugins/com.st.stm32cube.ide.mcu.externaltools.gnu-arm-embedded.9-2020-q2-update.win32_2.0.300.202301161003/tools/bin/../lib/gcc/arm-none-eabi/9.3.1/../../../../arm-none-eabi/lib/thumb/v7-m/nofp\libc_nano.a(lib_a-reent.o)
                0x20000480                errno
 COMMON         0x20000484        0x9 c:/st/stm32cubeide_1.4.0/stm32cubeide/plugins/com.st.stm32cube.ide.mcu.externaltools.gnu-arm-embedded.9-2020-q2-update.win32_2.0.300.202301161003/tools/bin/../lib/gcc/arm-none-eabi/9.3.1/../../../../arm-none-eabi/lib/thumb/v7-m/nofp\libc_nano.a(lib_a-lock.o)
                0x20000484                __lock___atexit_recursive_mutex
                0x20000485                __lock___arc4random_mutex
                0x20000486                __lock___env_recursive_mutex
                0x20000487                __lock___sinit_recursive_mutex
                0x20000488                __lock___malloc_recursive_mutex
                0x20000489                __lock___at_quick_exit_mutex
                0x2000048a                __lock___dd_hash_mutex
                0x2000048b                __lock___tz_mutex
                0x2000048c                __lock___sfp_recursive_mutex
                0x20000490                . = ALIGN (0x4)
 *fill*         0x2000048d        0x3 
                0x20000490                _ebss = .
                0x20000490                __bss_end__ = _ebss

._user_heap_stack
                0x20000490      0x600 load address 0x08001610
                0x20000490                . = ALIGN (0x8)
                [!provide]                PROVIDE (end = .)
                0x20000490                PROVIDE (_end = .)
                0x20000690                . = (. + _Min_Heap_Size)
 *fill*         0x20000490      0x200 
                0x20000a90                . = (. + _Min_Stack_Size)
 *fill*         0x20000690      0x400 
                0x20000a90                . = ALIGN (0x8)

/DISCARD/
 libc.a(*)
 libm.a(*)
 libgcc.a(*)

.ARM.attributes
                0x00000000       0x29
 *(.ARM.attributes)
 .ARM.attributes
                0x00000000       0x1d c:/st/stm32cubeide_1.4.0/stm32cubeide/plugins/com.st.stm32cube.ide.mcu.externaltools.gnu-arm-embedded.9-2020-q2-update.win32_2.0.300.202301161003/tools/bin/../lib/gcc/arm-none-eabi/9.3.1/thumb/v7-m/nofp/crti.o
 .ARM.attributes
                0x0000001d       0x2d c:/st/stm32cubeide_1.4.0/stm32cubeide/plugins/com.st.stm32cube.ide.mcu.externaltools.gnu-arm-embedded.9-2020-q2-update.win32_2.0.300.202301161003/tools/bin/../lib/gcc/arm-none-eabi/9.3.1/thumb/v7-m/nofp/crtbegin.o
 .ARM.attributes
                0x0000004a       0x2d ./Src/Esp_program.o
 .ARM.attributes
                0x00000077       0x2d ./Src/GPIO_program.o
 .ARM.attributes
                0x000000a4       0x2d ./Src/RCC_program.o
 .ARM.attributes
                0x000000d1       0x2d ./Src/STk_program.o
 .ARM.attributes
                0x000000fe       0x2d ./Src/USART_program.o
 .ARM.attributes
                0x0000012b       0x2d ./Src/main.o
 .ARM.attributes
                0x00000158       0x2d ./Src/sysmem.o
 .ARM.attributes
                0x00000185       0x21 ./Startup/startup_stm32f103c8tx.o
 .ARM.attributes
                0x000001a6       0x2d c:/st/stm32cubeide_1.4.0/stm32cubeide/plugins/com.st.stm32cube.ide.mcu.externaltools.gnu-arm-embedded.9-2020-q2-update.win32_2.0.300.202301161003/tools/bin/../lib/gcc/arm-none-eabi/9.3.1/../../../../arm-none-eabi/lib/thumb/v7-m/nofp\libc_nano.a(lib_a-errno.o)
 .ARM.attributes
                0x000001d3       0x2d c:/st/stm32cubeide_1.4.0/stm32cubeide/plugins/com.st.stm32cube.ide.mcu.externaltools.gnu-arm-embedded.9-2020-q2-update.win32_2.0.300.202301161003/tools/bin/../lib/gcc/arm-none-eabi/9.3.1/../../../../arm-none-eabi/lib/thumb/v7-m/nofp\libc_nano.a(lib_a-impure.o)
 .ARM.attributes
                0x00000200       0x2d c:/st/stm32cubeide_1.4.0/stm32cubeide/plugins/com.st.stm32cube.ide.mcu.externaltools.gnu-arm-embedded.9-2020-q2-update.win32_2.0.300.202301161003/tools/bin/../lib/gcc/arm-none-eabi/9.3.1/../../../../arm-none-eabi/lib/thumb/v7-m/nofp\libc_nano.a(lib_a-init.o)
 .ARM.attributes
                0x0000022d       0x2d c:/st/stm32cubeide_1.4.0/stm32cubeide/plugins/com.st.stm32cube.ide.mcu.externaltools.gnu-arm-embedded.9-2020-q2-update.win32_2.0.300.202301161003/tools/bin/../lib/gcc/arm-none-eabi/9.3.1/../../../../arm-none-eabi/lib/thumb/v7-m/nofp\libc_nano.a(lib_a-memset.o)
 .ARM.attributes
                0x0000025a       0x2d c:/st/stm32cubeide_1.4.0/stm32cubeide/plugins/com.st.stm32cube.ide.mcu.externaltools.gnu-arm-embedded.9-2020-q2-update.win32_2.0.300.202301161003/tools/bin/../lib/gcc/arm-none-eabi/9.3.1/../../../../arm-none-eabi/lib/thumb/v7-m/nofp\libc_nano.a(lib_a-sprintf.o)
 .ARM.attributes
                0x00000287       0x2d c:/st/stm32cubeide_1.4.0/stm32cubeide/plugins/com.st.stm32cube.ide.mcu.externaltools.gnu-arm-embedded.9-2020-q2-update.win32_2.0.300.202301161003/tools/bin/../lib/gcc/arm-none-eabi/9.3.1/../../../../arm-none-eabi/lib/thumb/v7-m/nofp\libc_nano.a(lib_a-nano-svfprintf.o)
 .ARM.attributes
                0x000002b4       0x2d c:/st/stm32cubeide_1.4.0/stm32cubeide/plugins/com.st.stm32cube.ide.mcu.externaltools.gnu-arm-embedded.9-2020-q2-update.win32_2.0.300.202301161003/tools/bin/../lib/gcc/arm-none-eabi/9.3.1/../../../../arm-none-eabi/lib/thumb/v7-m/nofp\libc_nano.a(lib_a-nano-vfprintf_i.o)
 .ARM.attributes
                0x000002e1       0x2d c:/st/stm32cubeide_1.4.0/stm32cubeide/plugins/com.st.stm32cube.ide.mcu.externaltools.gnu-arm-embedded.9-2020-q2-update.win32_2.0.300.202301161003/tools/bin/../lib/gcc/arm-none-eabi/9.3.1/../../../../arm-none-eabi/lib/thumb/v7-m/nofp\libc_nano.a(lib_a-memchr-stub.o)
 .ARM.attributes
                0x0000030e       0x2d c:/st/stm32cubeide_1.4.0/stm32cubeide/plugins/com.st.stm32cube.ide.mcu.externaltools.gnu-arm-embedded.9-2020-q2-update.win32_2.0.300.202301161003/tools/bin/../lib/gcc/arm-none-eabi/9.3.1/../../../../arm-none-eabi/lib/thumb/v7-m/nofp\libc_nano.a(lib_a-memcpy-stub.o)
 .ARM.attributes
                0x0000033b       0x2d c:/st/stm32cubeide_1.4.0/stm32cubeide/plugins/com.st.stm32cube.ide.mcu.externaltools.gnu-arm-embedded.9-2020-q2-update.win32_2.0.300.202301161003/tools/bin/../lib/gcc/arm-none-eabi/9.3.1/../../../../arm-none-eabi/lib/thumb/v7-m/nofp\libc_nano.a(lib_a-memmove.o)
 .ARM.attributes
                0x00000368       0x2d c:/st/stm32cubeide_1.4.0/stm32cubeide/plugins/com.st.stm32cube.ide.mcu.externaltools.gnu-arm-embedded.9-2020-q2-update.win32_2.0.300.202301161003/tools/bin/../lib/gcc/arm-none-eabi/9.3.1/../../../../arm-none-eabi/lib/thumb/v7-m/nofp\libc_nano.a(lib_a-nano-freer.o)
 .ARM.attributes
                0x00000395       0x2d c:/st/stm32cubeide_1.4.0/stm32cubeide/plugins/com.st.stm32cube.ide.mcu.externaltools.gnu-arm-embedded.9-2020-q2-update.win32_2.0.300.202301161003/tools/bin/../lib/gcc/arm-none-eabi/9.3.1/../../../../arm-none-eabi/lib/thumb/v7-m/nofp\libc_nano.a(lib_a-nano-mallocr.o)
 .ARM.attributes
                0x000003c2       0x2d c:/st/stm32cubeide_1.4.0/stm32cubeide/plugins/com.st.stm32cube.ide.mcu.externaltools.gnu-arm-embedded.9-2020-q2-update.win32_2.0.300.202301161003/tools/bin/../lib/gcc/arm-none-eabi/9.3.1/../../../../arm-none-eabi/lib/thumb/v7-m/nofp\libc_nano.a(lib_a-nano-reallocr.o)
 .ARM.attributes
                0x000003ef       0x2d c:/st/stm32cubeide_1.4.0/stm32cubeide/plugins/com.st.stm32cube.ide.mcu.externaltools.gnu-arm-embedded.9-2020-q2-update.win32_2.0.300.202301161003/tools/bin/../lib/gcc/arm-none-eabi/9.3.1/../../../../arm-none-eabi/lib/thumb/v7-m/nofp\libc_nano.a(lib_a-sbrkr.o)
 .ARM.attributes
                0x0000041c       0x2d c:/st/stm32cubeide_1.4.0/stm32cubeide/plugins/com.st.stm32cube.ide.mcu.externaltools.gnu-arm-embedded.9-2020-q2-update.win32_2.0.300.202301161003/tools/bin/../lib/gcc/arm-none-eabi/9.3.1/../../../../arm-none-eabi/lib/thumb/v7-m/nofp\libc_nano.a(lib_a-mlock.o)
 .ARM.attributes
                0x00000449       0x2d c:/st/stm32cubeide_1.4.0/stm32cubeide/plugins/com.st.stm32cube.ide.mcu.externaltools.gnu-arm-embedded.9-2020-q2-update.win32_2.0.300.202301161003/tools/bin/../lib/gcc/arm-none-eabi/9.3.1/../../../../arm-none-eabi/lib/thumb/v7-m/nofp\libc_nano.a(lib_a-nano-msizer.o)
 .ARM.attributes
                0x00000476       0x2d c:/st/stm32cubeide_1.4.0/stm32cubeide/plugins/com.st.stm32cube.ide.mcu.externaltools.gnu-arm-embedded.9-2020-q2-update.win32_2.0.300.202301161003/tools/bin/../lib/gcc/arm-none-eabi/9.3.1/../../../../arm-none-eabi/lib/thumb/v7-m/nofp\libc_nano.a(lib_a-reent.o)
 .ARM.attributes
                0x000004a3       0x2d c:/st/stm32cubeide_1.4.0/stm32cubeide/plugins/com.st.stm32cube.ide.mcu.externaltools.gnu-arm-embedded.9-2020-q2-update.win32_2.0.300.202301161003/tools/bin/../lib/gcc/arm-none-eabi/9.3.1/../../../../arm-none-eabi/lib/thumb/v7-m/nofp\libc_nano.a(lib_a-lock.o)
 .ARM.attributes
                0x000004d0       0x1d c:/st/stm32cubeide_1.4.0/stm32cubeide/plugins/com.st.stm32cube.ide.mcu.externaltools.gnu-arm-embedded.9-2020-q2-update.win32_2.0.300.202301161003/tools/bin/../lib/gcc/arm-none-eabi/9.3.1/thumb/v7-m/nofp/crtn.o
OUTPUT(IOTFinaltest.elf elf32-littlearm)
LOAD linker stubs
LOAD c:/st/stm32cubeide_1.4.0/stm32cubeide/plugins/com.st.stm32cube.ide.mcu.externaltools.gnu-arm-embedded.9-2020-q2-update.win32_2.0.300.202301161003/tools/bin/../lib/gcc/arm-none-eabi/9.3.1/../../../../arm-none-eabi/lib/thumb/v7-m/nofp\libc.a
LOAD c:/st/stm32cubeide_1.4.0/stm32cubeide/plugins/com.st.stm32cube.ide.mcu.externaltools.gnu-arm-embedded.9-2020-q2-update.win32_2.0.300.202301161003/tools/bin/../lib/gcc/arm-none-eabi/9.3.1/../../../../arm-none-eabi/lib/thumb/v7-m/nofp\libm.a
LOAD c:/st/stm32cubeide_1.4.0/stm32cubeide/plugins/com.st.stm32cube.ide.mcu.externaltools.gnu-arm-embedded.9-2020-q2-update.win32_2.0.300.202301161003/tools/bin/../lib/gcc/arm-none-eabi/9.3.1/thumb/v7-m/nofp\libgcc.a

.debug_info     0x00000000     0x1cc9
 .debug_info    0x00000000      0xc08 ./Src/Esp_program.o
 .debug_info    0x00000c08      0x1ad ./Src/GPIO_program.o
 .debug_info    0x00000db5       0xe7 ./Src/RCC_program.o
 .debug_info    0x00000e9c      0x1f2 ./Src/STk_program.o
 .debug_info    0x0000108e      0x173 ./Src/USART_program.o
 .debug_info    0x00001201       0x81 ./Src/main.o
 .debug_info    0x00001282      0xa25 ./Src/sysmem.o
 .debug_info    0x00001ca7       0x22 ./Startup/startup_stm32f103c8tx.o

.debug_abbrev   0x00000000      0x7d4
 .debug_abbrev  0x00000000      0x247 ./Src/Esp_program.o
 .debug_abbrev  0x00000247       0xa7 ./Src/GPIO_program.o
 .debug_abbrev  0x000002ee       0x78 ./Src/RCC_program.o
 .debug_abbrev  0x00000366      0x116 ./Src/STk_program.o
 .debug_abbrev  0x0000047c      0x12b ./Src/USART_program.o
 .debug_abbrev  0x000005a7       0x5c ./Src/main.o
 .debug_abbrev  0x00000603      0x1bf ./Src/sysmem.o
 .debug_abbrev  0x000007c2       0x12 ./Startup/startup_stm32f103c8tx.o

.debug_aranges  0x00000000      0x1a8
 .debug_aranges
                0x00000000       0x48 ./Src/Esp_program.o
 .debug_aranges
                0x00000048       0x40 ./Src/GPIO_program.o
 .debug_aranges
                0x00000088       0x30 ./Src/RCC_program.o
 .debug_aranges
                0x000000b8       0x58 ./Src/STk_program.o
 .debug_aranges
                0x00000110       0x30 ./Src/USART_program.o
 .debug_aranges
                0x00000140       0x20 ./Src/main.o
 .debug_aranges
                0x00000160       0x20 ./Src/sysmem.o
 .debug_aranges
                0x00000180       0x28 ./Startup/startup_stm32f103c8tx.o

.debug_ranges   0x00000000      0x130
 .debug_ranges  0x00000000       0x38 ./Src/Esp_program.o
 .debug_ranges  0x00000038       0x30 ./Src/GPIO_program.o
 .debug_ranges  0x00000068       0x20 ./Src/RCC_program.o
 .debug_ranges  0x00000088       0x48 ./Src/STk_program.o
 .debug_ranges  0x000000d0       0x20 ./Src/USART_program.o
 .debug_ranges  0x000000f0       0x10 ./Src/main.o
 .debug_ranges  0x00000100       0x10 ./Src/sysmem.o
 .debug_ranges  0x00000110       0x20 ./Startup/startup_stm32f103c8tx.o

.debug_macro    0x00000000     0x2525
 .debug_macro   0x00000000      0x208 ./Src/Esp_program.o
 .debug_macro   0x00000208      0xaa2 ./Src/Esp_program.o
 .debug_macro   0x00000caa       0x22 ./Src/Esp_program.o
 .debug_macro   0x00000ccc       0x4c ./Src/Esp_program.o
 .debug_macro   0x00000d18       0x18 ./Src/Esp_program.o
 .debug_macro   0x00000d30       0x94 ./Src/Esp_program.o
 .debug_macro   0x00000dc4       0x3c ./Src/Esp_program.o
 .debug_macro   0x00000e00       0x34 ./Src/Esp_program.o
 .debug_macro   0x00000e34       0x16 ./Src/Esp_program.o
 .debug_macro   0x00000e4a       0x57 ./Src/Esp_program.o
 .debug_macro   0x00000ea1       0x97 ./Src/Esp_program.o
 .debug_macro   0x00000f38      0x339 ./Src/Esp_program.o
 .debug_macro   0x00001271       0xfd ./Src/Esp_program.o
 .debug_macro   0x0000136e       0x10 ./Src/Esp_program.o
 .debug_macro   0x0000137e       0x16 ./Src/Esp_program.o
 .debug_macro   0x00001394       0x43 ./Src/Esp_program.o
 .debug_macro   0x000013d7       0x34 ./Src/Esp_program.o
 .debug_macro   0x0000140b       0x10 ./Src/Esp_program.o
 .debug_macro   0x0000141b       0x58 ./Src/Esp_program.o
 .debug_macro   0x00001473       0x71 ./Src/Esp_program.o
 .debug_macro   0x000014e4       0x1c ./Src/Esp_program.o
 .debug_macro   0x00001500      0x12a ./Src/Esp_program.o
 .debug_macro   0x0000162a       0x10 ./Src/Esp_program.o
 .debug_macro   0x0000163a       0x6a ./Src/Esp_program.o
 .debug_macro   0x000016a4       0x1c ./Src/Esp_program.o
 .debug_macro   0x000016c0       0x52 ./Src/Esp_program.o
 .debug_macro   0x00001712       0x22 ./Src/Esp_program.o
 .debug_macro   0x00001734       0x10 ./Src/Esp_program.o
 .debug_macro   0x00001744       0x40 ./Src/Esp_program.o
 .debug_macro   0x00001784       0xd5 ./Src/Esp_program.o
 .debug_macro   0x00001859       0x1c ./Src/Esp_program.o
 .debug_macro   0x00001875       0x3d ./Src/Esp_program.o
 .debug_macro   0x000018b2       0x16 ./Src/Esp_program.o
 .debug_macro   0x000018c8      0x145 ./Src/Esp_program.o
 .debug_macro   0x00001a0d       0x16 ./Src/Esp_program.o
 .debug_macro   0x00001a23       0x35 ./Src/Esp_program.o
 .debug_macro   0x00001a58       0x22 ./Src/Esp_program.o
 .debug_macro   0x00001a7a       0x34 ./Src/Esp_program.o
 .debug_macro   0x00001aae       0x36 ./Src/GPIO_program.o
 .debug_macro   0x00001ae4       0x9a ./Src/GPIO_program.o
 .debug_macro   0x00001b7e      0x12a ./Src/GPIO_program.o
 .debug_macro   0x00001ca8       0x3f ./Src/RCC_program.o
 .debug_macro   0x00001ce7       0x1c ./Src/RCC_program.o
 .debug_macro   0x00001d03       0x70 ./Src/RCC_program.o
 .debug_macro   0x00001d73       0x10 ./Src/RCC_program.o
 .debug_macro   0x00001d83       0x40 ./Src/STk_program.o
 .debug_macro   0x00001dc3       0x28 ./Src/STk_program.o
 .debug_macro   0x00001deb       0x10 ./Src/STk_program.o
 .debug_macro   0x00001dfb       0x40 ./Src/USART_program.o
 .debug_macro   0x00001e3b       0x34 ./Src/USART_program.o
 .debug_macro   0x00001e6f       0x4c ./Src/USART_program.o
 .debug_macro   0x00001ebb       0x4e ./Src/main.o
 .debug_macro   0x00001f09       0xff ./Src/sysmem.o
 .debug_macro   0x00002008      0x23b ./Src/sysmem.o
 .debug_macro   0x00002243      0x103 ./Src/sysmem.o
 .debug_macro   0x00002346      0x1df ./Src/sysmem.o

.debug_line     0x00000000     0x158e
 .debug_line    0x00000000      0x887 ./Src/Esp_program.o
 .debug_line    0x00000887      0x286 ./Src/GPIO_program.o
 .debug_line    0x00000b0d      0x12b ./Src/RCC_program.o
 .debug_line    0x00000c38      0x1d2 ./Src/STk_program.o
 .debug_line    0x00000e0a      0x133 ./Src/USART_program.o
 .debug_line    0x00000f3d       0xdf ./Src/main.o
 .debug_line    0x0000101c      0x4ee ./Src/sysmem.o
 .debug_line    0x0000150a       0x84 ./Startup/startup_stm32f103c8tx.o

.debug_str      0x00000000     0x973a
 .debug_str     0x00000000     0x77ac ./Src/Esp_program.o
                               0x797a (size before relaxing)
 .debug_str     0x000077ac      0xa21 ./Src/GPIO_program.o
                               0x3865 (size before relaxing)
 .debug_str     0x000081cd      0x2d4 ./Src/RCC_program.o
                               0x3118 (size before relaxing)
 .debug_str     0x000084a1      0x1b1 ./Src/STk_program.o
                               0x3015 (size before relaxing)
 .debug_str     0x00008652      0x24d ./Src/USART_program.o
                               0x30c1 (size before relaxing)
 .debug_str     0x0000889f       0x13 ./Src/main.o
                               0x32d5 (size before relaxing)
 .debug_str     0x000088b2      0xe57 ./Src/sysmem.o
                               0x6242 (size before relaxing)
 .debug_str     0x00009709       0x31 ./Startup/startup_stm32f103c8tx.o
                                 0x53 (size before relaxing)

.comment        0x00000000       0x4c
 .comment       0x00000000       0x4c ./Src/Esp_program.o
                                 0x4d (size before relaxing)
 .comment       0x0000004c       0x4d ./Src/GPIO_program.o
 .comment       0x0000004c       0x4d ./Src/RCC_program.o
 .comment       0x0000004c       0x4d ./Src/STk_program.o
 .comment       0x0000004c       0x4d ./Src/USART_program.o
 .comment       0x0000004c       0x4d ./Src/main.o
 .comment       0x0000004c       0x4d ./Src/sysmem.o

.debug_frame    0x00000000      0x8d4
 .debug_frame   0x00000000       0xf8 ./Src/Esp_program.o
 .debug_frame   0x000000f8       0xd8 ./Src/GPIO_program.o
 .debug_frame   0x000001d0       0x80 ./Src/RCC_program.o
 .debug_frame   0x00000250      0x134 ./Src/STk_program.o
 .debug_frame   0x00000384       0x80 ./Src/USART_program.o
 .debug_frame   0x00000404       0x30 ./Src/main.o
 .debug_frame   0x00000434       0x34 ./Src/sysmem.o
 .debug_frame   0x00000468       0x20 c:/st/stm32cubeide_1.4.0/stm32cubeide/plugins/com.st.stm32cube.ide.mcu.externaltools.gnu-arm-embedded.9-2020-q2-update.win32_2.0.300.202301161003/tools/bin/../lib/gcc/arm-none-eabi/9.3.1/../../../../arm-none-eabi/lib/thumb/v7-m/nofp\libc_nano.a(lib_a-errno.o)
 .debug_frame   0x00000488       0x2c c:/st/stm32cubeide_1.4.0/stm32cubeide/plugins/com.st.stm32cube.ide.mcu.externaltools.gnu-arm-embedded.9-2020-q2-update.win32_2.0.300.202301161003/tools/bin/../lib/gcc/arm-none-eabi/9.3.1/../../../../arm-none-eabi/lib/thumb/v7-m/nofp\libc_nano.a(lib_a-init.o)
 .debug_frame   0x000004b4       0x20 c:/st/stm32cubeide_1.4.0/stm32cubeide/plugins/com.st.stm32cube.ide.mcu.externaltools.gnu-arm-embedded.9-2020-q2-update.win32_2.0.300.202301161003/tools/bin/../lib/gcc/arm-none-eabi/9.3.1/../../../../arm-none-eabi/lib/thumb/v7-m/nofp\libc_nano.a(lib_a-memset.o)
 .debug_frame   0x000004d4       0x6c c:/st/stm32cubeide_1.4.0/stm32cubeide/plugins/com.st.stm32cube.ide.mcu.externaltools.gnu-arm-embedded.9-2020-q2-update.win32_2.0.300.202301161003/tools/bin/../lib/gcc/arm-none-eabi/9.3.1/../../../../arm-none-eabi/lib/thumb/v7-m/nofp\libc_nano.a(lib_a-sprintf.o)
 .debug_frame   0x00000540       0x90 c:/st/stm32cubeide_1.4.0/stm32cubeide/plugins/com.st.stm32cube.ide.mcu.externaltools.gnu-arm-embedded.9-2020-q2-update.win32_2.0.300.202301161003/tools/bin/../lib/gcc/arm-none-eabi/9.3.1/../../../../arm-none-eabi/lib/thumb/v7-m/nofp\libc_nano.a(lib_a-nano-svfprintf.o)
 .debug_frame   0x000005d0       0x60 c:/st/stm32cubeide_1.4.0/stm32cubeide/plugins/com.st.stm32cube.ide.mcu.externaltools.gnu-arm-embedded.9-2020-q2-update.win32_2.0.300.202301161003/tools/bin/../lib/gcc/arm-none-eabi/9.3.1/../../../../arm-none-eabi/lib/thumb/v7-m/nofp\libc_nano.a(lib_a-nano-vfprintf_i.o)
 .debug_frame   0x00000630       0x28 c:/st/stm32cubeide_1.4.0/stm32cubeide/plugins/com.st.stm32cube.ide.mcu.externaltools.gnu-arm-embedded.9-2020-q2-update.win32_2.0.300.202301161003/tools/bin/../lib/gcc/arm-none-eabi/9.3.1/../../../../arm-none-eabi/lib/thumb/v7-m/nofp\libc_nano.a(lib_a-memchr-stub.o)
 .debug_frame   0x00000658       0x28 c:/st/stm32cubeide_1.4.0/stm32cubeide/plugins/com.st.stm32cube.ide.mcu.externaltools.gnu-arm-embedded.9-2020-q2-update.win32_2.0.300.202301161003/tools/bin/../lib/gcc/arm-none-eabi/9.3.1/../../../../arm-none-eabi/lib/thumb/v7-m/nofp\libc_nano.a(lib_a-memcpy-stub.o)
 .debug_frame   0x00000680       0x28 c:/st/stm32cubeide_1.4.0/stm32cubeide/plugins/com.st.stm32cube.ide.mcu.externaltools.gnu-arm-embedded.9-2020-q2-update.win32_2.0.300.202301161003/tools/bin/../lib/gcc/arm-none-eabi/9.3.1/../../../../arm-none-eabi/lib/thumb/v7-m/nofp\libc_nano.a(lib_a-memmove.o)
 .debug_frame   0x000006a8       0x38 c:/st/stm32cubeide_1.4.0/stm32cubeide/plugins/com.st.stm32cube.ide.mcu.externaltools.gnu-arm-embedded.9-2020-q2-update.win32_2.0.300.202301161003/tools/bin/../lib/gcc/arm-none-eabi/9.3.1/../../../../arm-none-eabi/lib/thumb/v7-m/nofp\libc_nano.a(lib_a-nano-freer.o)
 .debug_frame   0x000006e0       0x30 c:/st/stm32cubeide_1.4.0/stm32cubeide/plugins/com.st.stm32cube.ide.mcu.externaltools.gnu-arm-embedded.9-2020-q2-update.win32_2.0.300.202301161003/tools/bin/../lib/gcc/arm-none-eabi/9.3.1/../../../../arm-none-eabi/lib/thumb/v7-m/nofp\libc_nano.a(lib_a-nano-mallocr.o)
 .debug_frame   0x00000710       0x3c c:/st/stm32cubeide_1.4.0/stm32cubeide/plugins/com.st.stm32cube.ide.mcu.externaltools.gnu-arm-embedded.9-2020-q2-update.win32_2.0.300.202301161003/tools/bin/../lib/gcc/arm-none-eabi/9.3.1/../../../../arm-none-eabi/lib/thumb/v7-m/nofp\libc_nano.a(lib_a-nano-reallocr.o)
 .debug_frame   0x0000074c       0x2c c:/st/stm32cubeide_1.4.0/stm32cubeide/plugins/com.st.stm32cube.ide.mcu.externaltools.gnu-arm-embedded.9-2020-q2-update.win32_2.0.300.202301161003/tools/bin/../lib/gcc/arm-none-eabi/9.3.1/../../../../arm-none-eabi/lib/thumb/v7-m/nofp\libc_nano.a(lib_a-sbrkr.o)
 .debug_frame   0x00000778       0x30 c:/st/stm32cubeide_1.4.0/stm32cubeide/plugins/com.st.stm32cube.ide.mcu.externaltools.gnu-arm-embedded.9-2020-q2-update.win32_2.0.300.202301161003/tools/bin/../lib/gcc/arm-none-eabi/9.3.1/../../../../arm-none-eabi/lib/thumb/v7-m/nofp\libc_nano.a(lib_a-mlock.o)
 .debug_frame   0x000007a8       0x20 c:/st/stm32cubeide_1.4.0/stm32cubeide/plugins/com.st.stm32cube.ide.mcu.externaltools.gnu-arm-embedded.9-2020-q2-update.win32_2.0.300.202301161003/tools/bin/../lib/gcc/arm-none-eabi/9.3.1/../../../../arm-none-eabi/lib/thumb/v7-m/nofp\libc_nano.a(lib_a-nano-msizer.o)
 .debug_frame   0x000007c8       0x5c c:/st/stm32cubeide_1.4.0/stm32cubeide/plugins/com.st.stm32cube.ide.mcu.externaltools.gnu-arm-embedded.9-2020-q2-update.win32_2.0.300.202301161003/tools/bin/../lib/gcc/arm-none-eabi/9.3.1/../../../../arm-none-eabi/lib/thumb/v7-m/nofp\libc_nano.a(lib_a-reent.o)
 .debug_frame   0x00000824       0xb0 c:/st/stm32cubeide_1.4.0/stm32cubeide/plugins/com.st.stm32cube.ide.mcu.externaltools.gnu-arm-embedded.9-2020-q2-update.win32_2.0.300.202301161003/tools/bin/../lib/gcc/arm-none-eabi/9.3.1/../../../../arm-none-eabi/lib/thumb/v7-m/nofp\libc_nano.a(lib_a-lock.o)
